模型=dm_cmrn 数据=E:\研究生数学建模\赛题\E题复杂场景下多模态情感识别的数学建模与算法设计\E题数据\附件3-模态缺失特征样本 text_mode=distilbert device=cpu
推理完成 aligned 附件3_01.pkl → Neutral (-0.192)
推理完成 aligned 附件3_02.pkl → Neutral (+0.223)
推理完成 aligned 附件3_03.pkl → Positive (+0.538)
推理完成 aligned 附件3_04.pkl → Positive (+0.595)
推理完成 aligned 附件3_05.pkl → Negative (-0.906)
推理完成 aligned 附件3_06.pkl → Positive (+0.911)
推理完成 aligned 附件3_07.pkl → Neutral (+0.346)
推理完成 aligned 附件3_08.pkl → Positive (+0.302)
推理完成 aligned 附件3_09.pkl → Positive (+1.080)
推理完成 aligned 附件3_10.pkl → Neutral (+0.158)
推理完成 aligned 附件3_11.pkl → Positive (+0.546)
推理完成 aligned 附件3_12.pkl → Positive (+1.014)
推理完成 aligned 附件3_13.pkl → Positive (+0.454)
推理完成 aligned 附件3_14.pkl → Negative (-0.817)
推理完成 aligned 附件3_15.pkl → Positive (+0.738)
推理完成 aligned 附件3_16.pkl → Positive (+1.311)
推理完成 aligned 附件3_17.pkl → Neutral (+0.320)
推理完成 aligned 附件3_18.pkl → Neutral (+0.436)
推理完成 aligned 附件3_19.pkl → Neutral (+0.412)
推理完成 aligned 附件3_20.pkl → Neutral (+0.343)
推理完成 aligned 附件3_21.pkl → Positive (+0.510)
推理完成 aligned 附件3_22.pkl → Positive (+0.349)
推理完成 aligned 附件3_23.pkl → Positive (+0.583)
推理完成 aligned 附件3_24.pkl → Positive (+0.925)
推理完成 aligned 附件3_25.pkl → Positive (+0.520)
推理完成 aligned 附件3_26.pkl → Positive (+0.796)
推理完成 aligned 附件3_27.pkl → Positive (+0.933)
推理完成 aligned 附件3_28.pkl → Positive (+0.519)
推理完成 aligned 附件3_29.pkl → Positive (+0.739)
推理完成 aligned 附件3_30.pkl → Neutral (+0.373)
