D:\Anaconda\envs\Lecture2env\lib\site-packages\torch\nn\modules\transformer.py:385: UserWarning: enable_nested_tensor is True, but self.use_nested_tensor is False because encoder_layer.norm_first was True
  warnings.warn(
Traceback (most recent call last):
  File "E:\研究生数学建模\e题代码\naiwa-modeling-team\q2_dm_cmrn\train.py", line 160, in <module>
    main()
  File "E:\研究生数学建模\e题代码\naiwa-modeling-team\q2_dm_cmrn\train.py", line 121, in main
    clean_metrics = run_epoch(model, valid_clean_loader, None, device, settings, train=False)
  File "E:\研究生数学建模\e题代码\naiwa-modeling-team\q2_dm_cmrn\src\engine.py", line 185, in run_epoch
    metrics = compute_metrics(np.asarray(labels), np.asarray(predictions),
  File "E:\研究生数学建模\e题代码\naiwa-modeling-team\q2_dm_cmrn\src\engine.py", line 65, in compute_metrics
    "mae": float(mean_absolute_error(targets, estimates)),
  File "D:\Anaconda\envs\Lecture2env\lib\site-packages\sklearn\utils\_param_validation.py", line 213, in wrapper
    return func(*args, **kwargs)
  File "D:\Anaconda\envs\Lecture2env\lib\site-packages\sklearn\metrics\_regression.py", line 216, in mean_absolute_error
    y_type, y_true, y_pred, multioutput = _check_reg_targets(
  File "D:\Anaconda\envs\Lecture2env\lib\site-packages\sklearn\metrics\_regression.py", line 113, in _check_reg_targets
    y_pred = check_array(y_pred, ensure_2d=False, dtype=dtype)
  File "D:\Anaconda\envs\Lecture2env\lib\site-packages\sklearn\utils\validation.py", line 1064, in check_array
    _assert_all_finite(
  File "D:\Anaconda\envs\Lecture2env\lib\site-packages\sklearn\utils\validation.py", line 123, in _assert_all_finite
    _assert_all_finite_element_wise(
  File "D:\Anaconda\envs\Lecture2env\lib\site-packages\sklearn\utils\validation.py", line 172, in _assert_all_finite_element_wise
    raise ValueError(msg_err)
ValueError: Input contains NaN.
