inferred aligned 附件3_01.pkl text=distilbert
inferred aligned 附件3_01.pkl text=zero
inferred aligned 附件3_02.pkl text=distilbert
inferred aligned 附件3_02.pkl text=zero
inferred aligned 附件3_03.pkl text=distilbert
inferred aligned 附件3_03.pkl text=zero
inferred aligned 附件3_04.pkl text=distilbert
inferred aligned 附件3_04.pkl text=zero
inferred aligned 附件3_05.pkl text=distilbert
inferred aligned 附件3_05.pkl text=zero
inferred aligned 附件3_06.pkl text=distilbert
inferred aligned 附件3_06.pkl text=zero
inferred aligned 附件3_07.pkl text=distilbert
inferred aligned 附件3_07.pkl text=zero
inferred aligned 附件3_08.pkl text=distilbert
inferred aligned 附件3_08.pkl text=zero
inferred aligned 附件3_09.pkl text=distilbert
inferred aligned 附件3_09.pkl text=zero
inferred aligned 附件3_10.pkl text=distilbert
inferred aligned 附件3_10.pkl text=zero
inferred aligned 附件3_11.pkl text=distilbert
inferred aligned 附件3_11.pkl text=zero
inferred aligned 附件3_12.pkl text=distilbert
inferred aligned 附件3_12.pkl text=zero
inferred aligned 附件3_13.pkl text=distilbert
inferred aligned 附件3_13.pkl text=zero
inferred aligned 附件3_14.pkl text=distilbert
inferred aligned 附件3_14.pkl text=zero
inferred aligned 附件3_15.pkl text=distilbert
inferred aligned 附件3_15.pkl text=zero
inferred aligned 附件3_16.pkl text=distilbert
inferred aligned 附件3_16.pkl text=zero
inferred aligned 附件3_17.pkl text=distilbert
inferred aligned 附件3_17.pkl text=zero
inferred aligned 附件3_18.pkl text=distilbert
inferred aligned 附件3_18.pkl text=zero
inferred aligned 附件3_19.pkl text=distilbert
inferred aligned 附件3_19.pkl text=zero
inferred aligned 附件3_20.pkl text=distilbert
inferred aligned 附件3_20.pkl text=zero
inferred aligned 附件3_21.pkl text=distilbert
inferred aligned 附件3_21.pkl text=zero
inferred aligned 附件3_22.pkl text=distilbert
inferred aligned 附件3_22.pkl text=zero
inferred aligned 附件3_23.pkl text=distilbert
inferred aligned 附件3_23.pkl text=zero
inferred aligned 附件3_24.pkl text=distilbert
inferred aligned 附件3_24.pkl text=zero
inferred aligned 附件3_25.pkl text=distilbert
inferred aligned 附件3_25.pkl text=zero
inferred aligned 附件3_26.pkl text=distilbert
inferred aligned 附件3_26.pkl text=zero
inferred aligned 附件3_27.pkl text=distilbert
inferred aligned 附件3_27.pkl text=zero
inferred aligned 附件3_28.pkl text=distilbert
inferred aligned 附件3_28.pkl text=zero
inferred aligned 附件3_29.pkl text=distilbert
inferred aligned 附件3_29.pkl text=zero
inferred aligned 附件3_30.pkl text=distilbert
inferred aligned 附件3_30.pkl text=zero
inferred unaligned 附件3_未对齐版本_01.pkl text=distilbert
inferred unaligned 附件3_未对齐版本_01.pkl text=zero
inferred unaligned 附件3_未对齐版本_02.pkl text=distilbert
inferred unaligned 附件3_未对齐版本_02.pkl text=zero
inferred unaligned 附件3_未对齐版本_03.pkl text=distilbert
inferred unaligned 附件3_未对齐版本_03.pkl text=zero
inferred unaligned 附件3_未对齐版本_04.pkl text=distilbert
inferred unaligned 附件3_未对齐版本_04.pkl text=zero
inferred unaligned 附件3_未对齐版本_05.pkl text=distilbert
inferred unaligned 附件3_未对齐版本_05.pkl text=zero
inferred unaligned 附件3_未对齐版本_06.pkl text=distilbert
inferred unaligned 附件3_未对齐版本_06.pkl text=zero
inferred unaligned 附件3_未对齐版本_07.pkl text=distilbert
inferred unaligned 附件3_未对齐版本_07.pkl text=zero
inferred unaligned 附件3_未对齐版本_08.pkl text=distilbert
inferred unaligned 附件3_未对齐版本_08.pkl text=zero
inferred unaligned 附件3_未对齐版本_09.pkl text=distilbert
inferred unaligned 附件3_未对齐版本_09.pkl text=zero
inferred unaligned 附件3_未对齐版本_10.pkl text=distilbert
inferred unaligned 附件3_未对齐版本_10.pkl text=zero
inferred unaligned 附件3_未对齐版本_11.pkl text=distilbert
inferred unaligned 附件3_未对齐版本_11.pkl text=zero
inferred unaligned 附件3_未对齐版本_12.pkl text=distilbert
inferred unaligned 附件3_未对齐版本_12.pkl text=zero
inferred unaligned 附件3_未对齐版本_13.pkl text=distilbert
inferred unaligned 附件3_未对齐版本_13.pkl text=zero
inferred unaligned 附件3_未对齐版本_14.pkl text=distilbert
inferred unaligned 附件3_未对齐版本_14.pkl text=zero
inferred unaligned 附件3_未对齐版本_15.pkl text=distilbert
inferred unaligned 附件3_未对齐版本_15.pkl text=zero
inferred unaligned 附件3_未对齐版本_16.pkl text=distilbert
inferred unaligned 附件3_未对齐版本_16.pkl text=zero
inferred unaligned 附件3_未对齐版本_17.pkl text=distilbert
inferred unaligned 附件3_未对齐版本_17.pkl text=zero
inferred unaligned 附件3_未对齐版本_18.pkl text=distilbert
inferred unaligned 附件3_未对齐版本_18.pkl text=zero
inferred unaligned 附件3_未对齐版本_19.pkl text=distilbert
inferred unaligned 附件3_未对齐版本_19.pkl text=zero
inferred unaligned 附件3_未对齐版本_20.pkl text=distilbert
inferred unaligned 附件3_未对齐版本_20.pkl text=zero
inferred unaligned 附件3_未对齐版本_21.pkl text=distilbert
inferred unaligned 附件3_未对齐版本_21.pkl text=zero
inferred unaligned 附件3_未对齐版本_22.pkl text=distilbert
inferred unaligned 附件3_未对齐版本_22.pkl text=zero
inferred unaligned 附件3_未对齐版本_23.pkl text=distilbert
inferred unaligned 附件3_未对齐版本_23.pkl text=zero
inferred unaligned 附件3_未对齐版本_24.pkl text=distilbert
inferred unaligned 附件3_未对齐版本_24.pkl text=zero
inferred unaligned 附件3_未对齐版本_25.pkl text=distilbert
inferred unaligned 附件3_未对齐版本_25.pkl text=zero
inferred unaligned 附件3_未对齐版本_26.pkl text=distilbert
inferred unaligned 附件3_未对齐版本_26.pkl text=zero
inferred unaligned 附件3_未对齐版本_27.pkl text=distilbert
inferred unaligned 附件3_未对齐版本_27.pkl text=zero
inferred unaligned 附件3_未对齐版本_28.pkl text=distilbert
inferred unaligned 附件3_未对齐版本_28.pkl text=zero
inferred unaligned 附件3_未对齐版本_29.pkl text=distilbert
inferred unaligned 附件3_未对齐版本_29.pkl text=zero
inferred unaligned 附件3_未对齐版本_30.pkl text=distilbert
inferred unaligned 附件3_未对齐版本_30.pkl text=zero
{
  "checkpoint": "E:\\研究生数学建模\\e题代码\\naiwa-modeling-team\\q2_baseline\\checkpoints\\residual_fusion.pt",
  "sample_count": 120,
  "samples_per_variant_and_text_mode": {
    "aligned_distilbert": 30,
    "aligned_zero": 30,
    "unaligned_distilbert": 30,
    "unaligned_zero": 30
  },
  "predicted_class_counts": {
    "aligned_distilbert": {
      "Neutral": 6,
      "Positive": 22,
      "Negative": 2
    },
    "aligned_zero": {
      "Neutral": 4,
      "Positive": 21,
      "Negative": 5
    },
    "unaligned_distilbert": {
      "Neutral": 6,
      "Positive": 22,
      "Negative": 2
    },
    "unaligned_zero": {
      "Negative": 4,
      "Positive": 23,
      "Neutral": 3
    }
  },
  "predicted_strength_mean": {
    "aligned_distilbert": 0.4365423520406087,
    "aligned_zero": 0.32339490080873173,
    "unaligned_distilbert": 0.4649319306015968,
    "unaligned_zero": 0.5380273391803105
  },
  "valid_bins_mean": {
    "aligned_distilbert": {
      "text": 22.166666666666668,
      "audio": 15.8,
      "vision": 15.666666666666666
    },
    "aligned_zero": {
      "text": 0.0,
      "audio": 15.8,
      "vision": 15.666666666666666
    },
    "unaligned_distilbert": {
      "text": 22.166666666666668,
      "audio": 49.166666666666664,
      "vision": 47.3
    },
    "unaligned_zero": {
      "text": 0.0,
      "audio": 49.166666666666664,
      "vision": 47.3
    }
  },
  "metrics": null,
  "metrics_note": "Attachment 3 has no ground-truth labels; accuracy, F1, MAE, and Pearson are not defined.",
  "text_note": "The primary distilbert mode reconstructs 768-dimensional features from supplied token IDs or raw text using the same DistilBERT last-four-layer mean convention as Q1; zero mode is retained as a strict missing-text sensitivity control.",
  "output_csv": "attachment3_test_verify\\附件3_预测结果.csv"
}
